ï¿½ë‹±ï¿½ï¿½ï¿½ï¿½ï¿½m[ï¿½ets Jul 29 2019 12:21:46

rst:0x1 (POWERON_RESET),boot:0x13 (SPI_FAST_FLASH_BOOT)
configsip: 0, SPIWP:0xee
clk_drv:0x00,q_drv:0x00,d_drv:0x00,cs0_drv:0x00,hd_drv:0x00,wp_drv:0x00
mode:DIO, clock div:1
load:0x3fff0030,len:7172
load:0x40078000,len:15552
ho 0 tail 12 room 4
load:0x40080400,len:4
load:0x40080404,len:3904
entry 0x40080640
[0;32mI (31) boot: ESP-IDF v5.2.2-dirty 2nd stage bootloader[0m
[0;32mI (31) boot: compile time Aug 28 2024 23:24:51[0m
[0;32mI (31) boot: Multicore bootloader[0m
[0;32mI (36) boot: chip revision: v3.1[0m
[0;32mI (40) boot.esp32: SPI Speed      : 80MHz[0m
[0;32mI (44) boot.esp32: SPI Mode       : DIO[0m
[0;32mI (49) boot.esp32: SPI Flash Size : 4MB[0m
[0;32mI (53) boot: Enabling RNG early entropy source...[0m
[0;32mI (59) boot: Partition Table:[0m
[0;32mI (62) boot: ## Label            Usage          Type ST Offset   Length[0m
[0;32mI (70) boot:  0 nvs              WiFi data        01 02 00009000 00006000[0m
[0;32mI (77) boot:  1 phy_init         RF data          01 01 0000f000 00001000[0m
[0;32mI (85) boot:  2 factory          factory app      00 00 00010000 00100000[0m
[0;32mI (92) boot: End of partition table[0m
[0;32mI (96) esp_image: segment 0: paddr=00010020 vaddr=3f400020 size=0919ch ( 37276) map[0m
[0;32mI (115) esp_image: segment 1: paddr=000191c4 vaddr=3ffb0000 size=02238h (  8760) load[0m
[0;32mI (118) esp_image: segment 2: paddr=0001b404 vaddr=40080000 size=04c14h ( 19476) load[0m
[0;32mI (128) esp_image: segment 3: paddr=00020020 vaddr=400d0020 size=13260h ( 78432) map[0m
[0;32mI (152) esp_image: segment 4: paddr=00033288 vaddr=40084c14 size=07ac4h ( 31428) load[0m
[0;32mI (169) boot: Loaded app from partition at offset 0x10000[0m
[0;32mI (169) boot: Disabling RNG early entropy source...[0m
[0;32mI (181) cpu_start: Multicore app[0m
[0;32mI (189) cpu_start: Pro cpu start user code[0m
[0;32mI (189) cpu_start: cpu freq: 160000000 Hz[0m
[0;32mI (189) cpu_start: Application information:[0m
[0;32mI (192) cpu_start: Project name:     app-template[0m
[0;32mI (198) cpu_start: App version:      f30cbff-dirty[0m
[0;32mI (203) cpu_start: Compile time:     Aug 28 2024 23:24:45[0m
[0;32mI (209) cpu_start: ELF file SHA256:  f4f2d2c5c...[0m
[0;32mI (215) cpu_start: ESP-IDF:          v5.2.2-dirty[0m
[0;32mI (220) cpu_start: Min chip rev:     v0.0[0m
[0;32mI (225) cpu_start: Max chip rev:     v3.99 [0m
[0;32mI (230) cpu_start: Chip rev:         v3.1[0m
[0;32mI (234) heap_init: Initializing. RAM available for dynamic allocation:[0m
[0;32mI (242) heap_init: At 3FFAE6E0 len 00001920 (6 KiB): DRAM[0m
[0;32mI (248) heap_init: At 3FFB2BE0 len 0002D420 (181 KiB): DRAM[0m
[0;32mI (254) heap_init: At 3FFE0440 len 00003AE0 (14 KiB): D/IRAM[0m
[0;32mI (260) heap_init: At 3FFE4350 len 0001BCB0 (111 KiB): D/IRAM[0m
[0;32mI (267) heap_init: At 4008C6D8 len 00013928 (78 KiB): IRAM[0m
[0;32mI (274) spi_flash: detected chip: generic[0m
[0;32mI (277) spi_flash: flash io: dio[0m
[0;32mI (282) main_task: Started on CPU0[0m
[0;32mI (292) main_task: Calling app_main()[0m
